// Jest Snapshot v1, https://goo.gl/fbAQLP

exports[`should render correctly 1`] = `
<WithStyles(ForwardRef(FormControl))>
  <WithStyles(ForwardRef(InputLabel))>
    Test
  </WithStyles(ForwardRef(InputLabel))>
  <WithStyles(ForwardRef(Select))
    multiple={true}
    onChange={[Function]}
    renderValue={[Function]}
    value={
      Array [
        "Test #2",
      ]
    }
  >
    <WithStyles(ForwardRef(MenuItem))
      key="Test #1"
      value="Test #1"
    >
      Test #1
    </WithStyles(ForwardRef(MenuItem))>
    <WithStyles(ForwardRef(MenuItem))
      key="Test #2"
      value="Test #2"
    >
      Test #2
    </WithStyles(ForwardRef(MenuItem))>
    <WithStyles(ForwardRef(MenuItem))
      key="Test #3"
      value="Test #3"
    >
      Test #3
    </WithStyles(ForwardRef(MenuItem))>
  </WithStyles(ForwardRef(Select))>
  <WithStyles(ForwardRef(FormHelperText))>
    Lorem ipsum dolor
  </WithStyles(ForwardRef(FormHelperText))>
</WithStyles(ForwardRef(FormControl))>
`;
